Microchip MPLAB XC8 Compiler V2.32

Linker command line:

--edf=C:\Program Files\Microchip\xc8\v2.32\pic\dat\en_msgs.txt -cn \
  -h+dist/default/production\MpLab.production.sym \
  --cmf=dist/default/production\MpLab.production.cmf -z -Q16F877A \
  -oC:\Users\cadug\AppData\Local\Temp\xcAslu4.4 --defsym=__MPLAB_BUILD=1 \
  -Mdist/default/production/MpLab.production.map -E1 -ver=XC8 Compiler \
  --acfsm=1493 -ASTACK=0110h-016Fh -pstack=STACK -ACODE=00h-07FFhx4 \
  -ASTRCODE=00h-01FFFh -ASTRING=00h-0FFhx32 -ACONST=00h-0FFhx32 \
  -AENTRY=00h-0FFhx32 -ACOMMON=070h-07Fh -ABANK0=020h-06Fh \
  -ABANK1=0A0h-0EFh -ABANK2=0110h-016Fh -ABANK3=0190h-01EFh \
  -ARAM=020h-06Fh,0A0h-0EFh,0110h-016Fh,0190h-01EFh \
  -AABS1=020h-07Fh,0A0h-0EFh,0110h-016Fh,0190h-01EFh -ASFR0=00h-01Fh \
  -ASFR1=080h-09Fh -ASFR2=0100h-010Fh -ASFR3=0180h-018Fh \
  -ACONFIG=02007h-02007h -DCONFIG=2 -AIDLOC=02000h-02003h -DIDLOC=2 \
  -AEEDATA=00h-0FFh/02100h -peeprom_data=EEDATA -DEEDATA=2 -DCODE=2 \
  -DSTRCODE=2 -DSTRING=2 -DCONST=2 -DENTRY=2 \
  -preset_vec=00h,intentry=04h,init,end_init -ppowerup=CODE -pcinit=CODE \
  -pfunctab=ENTRY -k C:\Users\cadug\AppData\Local\Temp\xcAslu4.o \
  dist/default/production\MpLab.production.o 

Object code version is 3.11

Machine type is 16F877A



                Name                               Link     Load   Length Selector   Space Scale
C:\Users\cadug\AppData\Local\Temp\xcAslu4.o
                end_init                              E        E        3        8       0
                reset_vec                             0        0        3        0       0
                config                             2007     2007        1        0       4
dist/default/production\MpLab.production.o
                cinit                                11       11       1E        8       0
                intentry                              4        4        A        8       0
                config                             2007     2007        1        0       4
                text10                              6D4      6D4       86        8       0
                text9                               F84      F84       7C     1F08       0
                text8                               618      618       BC        8       0
                text7                               390      390      288        8       0
                text6                               E1A      E1A       29     1C34       0
                text5                                2F       2F      361        8       0
                text4                               E43      E43       39     1C86       0
                text3                               F1B      F1B       69     1E36       0
                text2                               EC0      EC0       5B     1D80       0
                text1                               E7C      E7C       44     1CF8       0
                maintext                            75A      75A       84        8       0
                cstackBANK0                          20       20       48       20       1
                cstackCOMMON                         70       70        9       70       1
                inittext                            7DE      7DE       13        8       0
                dataBANK1                            A0       A0        B       A0       1
                bssBANK0                             68       68        8       20       1
                bssCOMMON                            79       79        4       70       1
                idataBANK1                          7F1      7F1        B        8       0

TOTAL           Name                               Link     Load   Length     Space
        CLASS   STACK          

        CLASS   CODE           
                end_init                              E        E        3         0
                cinit                                11       11       1E         0
                intentry                              4        4        A         0
                reset_vec                             0        0        3         0
                text10                              6D4      6D4       86         0
                text9                               F84      F84       7C         0
                text8                               618      618       BC         0
                text7                               390      390      288         0
                text6                               E1A      E1A       29         0
                text5                                2F       2F      361         0
                text4                               E43      E43       39         0
                text3                               F1B      F1B       69         0
                text2                               EC0      EC0       5B         0
                text1                               E7C      E7C       44         0
                maintext                            75A      75A       84         0
                inittext                            7DE      7DE       13         0
                idataBANK1                          7F1      7F1        B         0

        CLASS   STRCODE        

        CLASS   STRING         

        CLASS   CONST          

        CLASS   ENTRY          

        CLASS   COMMON         
                cstackCOMMON                         70       70        9         1
                bssCOMMON                            79       79        4         1

        CLASS   BANK0          
                cstackBANK0                          20       20       48         1
                bssBANK0                             68       68        8         1

        CLASS   BANK1          
                dataBANK1                            A0       A0        B         1

        CLASS   BANK2          

        CLASS   BANK3          

        CLASS   RAM            

        CLASS   ABS1           
                abs_s1                               7E       7E        2         1

        CLASS   SFR0           

        CLASS   SFR1           

        CLASS   SFR2           

        CLASS   SFR3           

        CLASS   CONFIG         
                config                             2007     2007        1         4

        CLASS   IDLOC          

        CLASS   EEDATA         



SEGMENTS        Name                           Load    Length   Top    Selector   Space  Class     Delta

                reset_vec                      000000  000003  000003         0       0  CODE        2
                intentry                       000004  0007F8  0007FC         8       0  CODE        2
                cstackBANK0                    000020  000050  000070        20       1  BANK0       1
                cstackCOMMON                   000070  00000D  00007D        70       1  COMMON      1
                dataBANK1                      0000A0  00000B  0000AB        A0       1  BANK1       1
                text6                          000E1A  000029  000E43      1C34       0  CODE        2
                text4                          000E43  000039  000E7C      1C86       0  CODE        2
                text1                          000E7C  000044  000EC0      1CF8       0  CODE        2
                text2                          000EC0  00005B  000F1B      1D80       0  CODE        2
                text3                          000F1B  000069  000F84      1E36       0  CODE        2
                text9                          000F84  00007C  001000      1F08       0  CODE        2


UNUSED ADDRESS RANGES

        Name                Unused          Largest block    Delta
        BANK1            00AB-00EF             45           1
        BANK2            0110-016F             60           1
        BANK3            0190-01EF             60           1
        CODE             0003-0003              1           2
                         07FC-0E19              4
                         1000-1FFF            800
        COMMON           007D-007D              1           1
        CONST            0003-0003              1           2
                         07FC-0E19            100
                         1000-1FFF            100
        EEDATA           2100-21FF            100           2
        ENTRY            0003-0003              1           2
                         07FC-0E19            100
                         1000-1FFF            100
        IDLOC            2000-2003              4           2
        RAM              00AB-00EF             45           1
                         0110-016F             60
                         0190-01EF             60
        SFR0             0000-001F             20           1
        SFR1             0080-009F             20           1
        SFR2             0100-010F             10           1
        SFR3             0180-018F             10           1
        STACK            0110-016F             60           1
        STRCODE          0003-0003              1           2
                         07FC-0E19            61E
                         1000-1FFF           1000
        STRING           0003-0003              1           2
                         07FC-0E19            100
                         1000-1FFF            100

                                  Symbol Table

?__Umul8_16              cstackBANK0  0020
?___awdiv                cstackBANK0  0020
?___awmod                cstackBANK0  0020
?___fladd                cstackBANK0  0043
?___flmul                cstackBANK0  0029
?___fltol                cstackBANK0  005B
?___xxtofl               cstackBANK0  0020
?_mapToCelsius           cstackBANK0  0057
_ADCON0bits              (abs)        001F
_ADCON1bits              (abs)        009F
_ADRESH                  (abs)        001E
_INTCONbits              (abs)        000B
_PIE1bits                (abs)        008C
_PIR1bits                (abs)        000C
_PORTBbits               (abs)        0006
_PORTD                   (abs)        0008
_T1CONbits               (abs)        0010
_TABELA                  dataBANK1    00A0
_TMR1H                   (abs)        000F
_TMR1IF                  (abs)        0060
_TMR1L                   (abs)        000E
_TRISB                   (abs)        0086
_TRISD                   (abs)        0088
_TrataInt                text10       06D4
_TrataInt$268            cstackCOMMON 0075
_TrataInt$269            cstackCOMMON 0077
__Habs1                  abs1         0000
__Hbank0                 bank0        0000
__Hbank1                 bank1        0000
__Hbank2                 bank2        0000
__Hbank3                 bank3        0000
__HbssBANK0              bssBANK0     0000
__HbssCOMMON             bssCOMMON    0000
__Hcinit                 cinit        002F
__Hclrtext               clrtext      0000
__Hcode                  code         0000
__Hcommon                common       0000
__Hconfig                config       2008
__HcstackBANK0           cstackBANK0  0000
__HcstackCOMMON          cstackCOMMON 0000
__HdataBANK1             dataBANK1    0000
__Heeprom_data           eeprom_data  0000
__Hend_init              end_init     0011
__Hfunctab               functab      0000
__HidataBANK1            idataBANK1   0000
__Hinit                  init         000E
__Hinittext              inittext     0000
__Hintentry              intentry     000E
__Hmaintext              maintext     0000
__Hpowerup               powerup      0000
__Hram                   ram          0000
__Hreset_vec             reset_vec    0003
__Hsfr0                  sfr0         0000
__Hsfr1                  sfr1         0000
__Hsfr2                  sfr2         0000
__Hsfr3                  sfr3         0000
__Hspace_0               (abs)        1000
__Hspace_1               (abs)        00AB
__Hspace_2               (abs)        0000
__Hspace_3               (abs)        0000
__Hspace_4               (abs)        400F
__Hstack                 stack        0000
__Hstrings               strings      0000
__Htext                  text         0000
__Labs1                  abs1         0000
__Lbank0                 bank0        0000
__Lbank1                 bank1        0000
__Lbank2                 bank2        0000
__Lbank3                 bank3        0000
__LbssBANK0              bssBANK0     0000
__LbssCOMMON             bssCOMMON    0000
__Lcinit                 cinit        0011
__Lclrtext               clrtext      0000
__Lcode                  code         0000
__Lcommon                common       0000
__Lconfig                config       0000
__LcstackBANK0           cstackBANK0  0000
__LcstackCOMMON          cstackCOMMON 0000
__LdataBANK1             dataBANK1    0000
__Leeprom_data           eeprom_data  0000
__Lend_init              end_init     000E
__Lfunctab               functab      0000
__LidataBANK1            idataBANK1   0000
__Linit                  init         000E
__Linittext              inittext     0000
__Lintentry              intentry     0004
__Lmaintext              maintext     0000
__Lpowerup               powerup      0000
__Lram                   ram          0000
__Lreset_vec             reset_vec    0000
__Lsfr0                  sfr0         0000
__Lsfr1                  sfr1         0000
__Lsfr2                  sfr2         0000
__Lsfr3                  sfr3         0000
__Lspace_0               (abs)        0000
__Lspace_1               (abs)        0000
__Lspace_2               (abs)        0000
__Lspace_3               (abs)        0000
__Lspace_4               (abs)        0000
__Lstack                 stack        0000
__Lstrings               strings      0000
__Ltext                  text         0000
__S0                     (abs)        1000
__S1                     (abs)        00AB
__S2                     (abs)        0000
__S3                     (abs)        0000
__Umul8_16               text6        0E1A
__Umul8_16@multiplicand  cstackBANK0  0020
__Umul8_16@multiplier    cstackBANK0  0028
__Umul8_16@product       cstackBANK0  0024
__Umul8_16@word_mpld     cstackBANK0  0026
___awdiv                 text3        0F1B
___awdiv@counter         cstackBANK0  0025
___awdiv@dividend        cstackBANK0  0022
___awdiv@divisor         cstackBANK0  0020
___awdiv@quotient        cstackBANK0  0027
___awdiv@sign            cstackBANK0  0026
___awmod                 text2        0EC0
___awmod@counter         cstackBANK0  0025
___awmod@dividend        cstackBANK0  0022
___awmod@divisor         cstackBANK0  0020
___awmod@sign            cstackBANK0  0026
___fladd                 text7        0390
___fladd@a               cstackBANK0  0047
___fladd@aexp            cstackBANK0  0054
___fladd@b               cstackBANK0  0043
___fladd@bexp            cstackBANK0  0055
___fladd@grs             cstackBANK0  0056
___fladd@signs           cstackBANK0  0053
___flmul                 text5        002F
___flmul@a               cstackBANK0  002D
___flmul@aexp            cstackBANK0  003B
___flmul@b               cstackBANK0  0029
___flmul@bexp            cstackBANK0  003C
___flmul@grs             cstackBANK0  0037
___flmul@prod            cstackBANK0  003D
___flmul@sign            cstackBANK0  0036
___flmul@temp            cstackBANK0  0041
___fltol                 text9        0F84
___fltol@exp1            cstackBANK0  0065
___fltol@f1              cstackBANK0  005B
___fltol@sign1           cstackBANK0  0064
___int_sp                stack        0000
___latbits               (abs)        0002
___sp                    stack        0000
___stackhi               (abs)        0000
___stacklo               (abs)        0000
___xxtofl                text8        0618
___xxtofl@arg            cstackBANK0  002A
___xxtofl@exp            cstackBANK0  0029
___xxtofl@sign           cstackBANK0  0028
___xxtofl@val            cstackBANK0  0020
__end_of_TrataInt        text10       075A
__end_of__Umul8_16       text6        0E43
__end_of___awdiv         text3        0F84
__end_of___awmod         text2        0F1B
__end_of___fladd         text7        0618
__end_of___flmul         text5        0390
__end_of___fltol         text9        1000
__end_of___xxtofl        text8        06D4
__end_of__initialization cinit        002B
__end_of_main            maintext     07DE
__end_of_mapToCelsius    text4        0E7C
__end_of_separateDigits  text1        0EC0
__initialization         cinit        0011
__pbssBANK0              bssBANK0     0068
__pbssCOMMON             bssCOMMON    0079
__pcstackBANK0           cstackBANK0  0020
__pcstackCOMMON          cstackCOMMON 0070
__pdataBANK1             dataBANK1    00A0
__pidataBANK1            idataBANK1   07F1
__pintentry              intentry     0004
__pmaintext              maintext     075A
__ptext1                 text1        0E7C
__ptext10                text10       06D4
__ptext2                 text2        0EC0
__ptext3                 text3        0F1B
__ptext4                 text4        0E43
__ptext5                 text5        002F
__ptext6                 text6        0E1A
__ptext7                 text7        0390
__ptext8                 text8        0618
__ptext9                 text9        0F84
__size_of_TrataInt       (abs)        0000
__size_of__Umul8_16      (abs)        0000
__size_of___awdiv        (abs)        0000
__size_of___awmod        (abs)        0000
__size_of___fladd        (abs)        0000
__size_of___flmul        (abs)        0000
__size_of___fltol        (abs)        0000
__size_of___xxtofl       (abs)        0000
__size_of_main           (abs)        0000
__size_of_mapToCelsius   (abs)        0000
__size_of_separateDigits (abs)        0000
_celsius                 bssCOMMON    007B
_digits                  bssBANK0     006A
_indice                  bssCOMMON    0079
_main                    maintext     075A
_mapToCelsius            text4        0E43
_separateDigits          text1        0E7C
_valor                   bssBANK0     0068
btemp                    (abs)        007E
end_of_initialization    cinit        002B
init_fetch0              inittext     07DE
init_ram0                inittext     07E2
interrupt_function       intentry     0004
intlevel0                functab      0000
intlevel1                functab      0000
intlevel2                functab      0000
intlevel3                functab      0000
intlevel4                functab      0000
intlevel5                functab      0000
mapToCelsius@value       cstackBANK0  0057
reset_vec                reset_vec    0000
saved_w                  (abs)        007E
separateDigits@i         cstackBANK0  0030
separateDigits@num       cstackBANK0  002E
separateDigits@result    cstackBANK0  002B
separateDigits@value     cstackBANK0  0029
start                    init         000E
start_initialization     cinit        0011
wtemp0                   (abs)        007E


MODULE INFORMATION

Module		Function		Class		Link	Load	Size
C:\Program Files\Microchip\xc8\v2.32\pic\sources\c90\common\sprcadd.c
		___fladd       		CODE           	0390	0000	648

C:\Program Files\Microchip\xc8\v2.32\pic\sources\c90\common\sprcadd.c estimated size: 648

C:\Program Files\Microchip\xc8\v2.32\pic\sources\c90\common\xxtofl.c
		___xxtofl      		CODE           	0618	0000	188

C:\Program Files\Microchip\xc8\v2.32\pic\sources\c90\common\xxtofl.c estimated size: 188

C:\Program Files\Microchip\xc8\v2.32\pic\sources\c90\common\Umul8_16.c
		__Umul8_16     		CODE           	0E1A	0000	41

C:\Program Files\Microchip\xc8\v2.32\pic\sources\c90\common\Umul8_16.c estimated size: 41

C:\Program Files\Microchip\xc8\v2.32\pic\sources\c90\common\awmod.c
		___awmod       		CODE           	0EC0	0000	91

C:\Program Files\Microchip\xc8\v2.32\pic\sources\c90\common\awmod.c estimated size: 91

shared
		__initialization		CODE           	0011	0000	26

shared estimated size: 26

C:\Program Files\Microchip\xc8\v2.32\pic\sources\c90\common\sprcmul.c
		___flmul       		CODE           	002F	0000	865

C:\Program Files\Microchip\xc8\v2.32\pic\sources\c90\common\sprcmul.c estimated size: 865

C:\Program Files\Microchip\xc8\v2.32\pic\sources\c90\common\awdiv.c
		___awdiv       		CODE           	0F1B	0000	105

C:\Program Files\Microchip\xc8\v2.32\pic\sources\c90\common\awdiv.c estimated size: 105

main.c
		_TrataInt      		CODE           	06D4	0000	134
		_mapToCelsius  		CODE           	0E43	0000	57
		_main          		CODE           	075A	0000	132
		_separateDigits		CODE           	0E7C	0000	68

main.c estimated size: 391

C:\Program Files\Microchip\xc8\v2.32\pic\sources\c90\common\fltol.c
		___fltol       		CODE           	0F84	0000	124

C:\Program Files\Microchip\xc8\v2.32\pic\sources\c90\common\fltol.c estimated size: 124

