Microchip MPLAB XC8 Compiler V2.32

Linker command line:

-W-3 --edf=C:\Program Files\Microchip\xc8\v2.32\pic\dat\en_msgs.txt -cn \
  -h+dist/default/production\main.X.production.sym \
  --cmf=dist/default/production\main.X.production.cmf -z -Q16F877A \
  -oC:\Users\cadug\AppData\Local\Temp\xcAsdf4.4 --defsym=__MPLAB_BUILD=1 \
  -Mdist/default/production/main.X.production.map -E1 -ver=XC8 Compiler \
  --acfsm=1493 -ASTACK=0110h-016Fh -pstack=STACK -ACODE=00h-07FFhx4 \
  -ASTRCODE=00h-01FFFh -ASTRING=00h-0FFhx32 -ACONST=00h-0FFhx32 \
  -AENTRY=00h-0FFhx32 -ACOMMON=070h-07Fh -ABANK0=020h-06Fh \
  -ABANK1=0A0h-0EFh -ABANK2=0110h-016Fh -ABANK3=0190h-01EFh \
  -ARAM=020h-06Fh,0A0h-0EFh,0110h-016Fh,0190h-01EFh \
  -AABS1=020h-07Fh,0A0h-0EFh,0110h-016Fh,0190h-01EFh -ASFR0=00h-01Fh \
  -ASFR1=080h-09Fh -ASFR2=0100h-010Fh -ASFR3=0180h-018Fh \
  -ACONFIG=02007h-02007h -DCONFIG=2 -AIDLOC=02000h-02003h -DIDLOC=2 \
  -AEEDATA=00h-0FFh/02100h -peeprom_data=EEDATA -DEEDATA=2 -DCODE=2 \
  -DSTRCODE=2 -DSTRING=2 -DCONST=2 -DENTRY=2 \
  -preset_vec=00h,intentry=04h,init,end_init -ppowerup=CODE -pcinit=CODE \
  -pfunctab=ENTRY -k C:\Users\cadug\AppData\Local\Temp\xcAsdf4.o \
  dist/default/production\main.X.production.o 

Object code version is 3.11

Machine type is 16F877A



                Name                               Link     Load   Length Selector   Space Scale
C:\Users\cadug\AppData\Local\Temp\xcAsdf4.o
                end_init                              C        C        3        8       0
                reset_vec                             0        0        3        0       0
dist/default/production\main.X.production.o
                cinit                                 F        F        5        8       0
                intentry                              4        4        8        8       0
                text4                                B3       B3       13        8       0
                text3                                9E       9E       15        8       0
                text2                                14       14       42        8       0
                text1                                56       56       28        8       0
                maintext                             7E       7E       20        8       0
                cstackCOMMON                         70       70        B       70       1
                bitbssCOMMON                        3D8       7B        1       70       1     8

TOTAL           Name                               Link     Load   Length     Space
        CLASS   STACK          

        CLASS   CODE           
                end_init                              C        C        3         0
                cinit                                 F        F        5         0
                intentry                              4        4        8         0
                reset_vec                             0        0        3         0
                text4                                B3       B3       13         0
                text3                                9E       9E       15         0
                text2                                14       14       42         0
                text1                                56       56       28         0
                maintext                             7E       7E       20         0

        CLASS   STRCODE        

        CLASS   STRING         

        CLASS   CONST          

        CLASS   ENTRY          

        CLASS   COMMON         
                cstackCOMMON                         70       70        B         1
                bitbssCOMMON                        3D8       7B        1         1

        CLASS   BANK0          

        CLASS   BANK1          

        CLASS   BANK2          

        CLASS   BANK3          

        CLASS   RAM            

        CLASS   ABS1           
                abs_s1                               7E       7E        2         1

        CLASS   SFR0           

        CLASS   SFR1           

        CLASS   SFR2           

        CLASS   SFR3           

        CLASS   CONFIG         

        CLASS   IDLOC          

        CLASS   EEDATA         



SEGMENTS        Name                           Load    Length   Top    Selector   Space  Class     Delta

                reset_vec                      000000  000003  000003         0       0  CODE        2
                intentry                       000004  0000C2  0000C6         8       0  CODE        2
                cstackCOMMON                   000070  00000C  00007C        70       1  COMMON      1


UNUSED ADDRESS RANGES

        Name                Unused          Largest block    Delta
        BANK0            020-06F            50           1
        BANK1            0A0-0EF            50           1
        BANK2            110-16F            60           1
        BANK3            190-1EF            60           1
        CODE             003-003             1           2
                         0C6-1FFF           800
        COMMON           07C-07D             2           1
        CONFIG           2007-2007             1           2
        CONST            003-003             1           2
                         0C6-1FFF           100
        EEDATA           2100-21FF           100           2
        ENTRY            003-003             1           2
                         0C6-1FFF           100
        IDLOC            2000-2003             4           2
        RAM              020-06F            50           1
                         0A0-0EF            50
                         110-16F            60
                         190-1EF            60
        SFR0             000-01F            20           1
        SFR1             080-09F            20           1
        SFR2             100-10F            10           1
        SFR3             180-18F            10           1
        STACK            110-16F            60           1
        STRCODE          003-003             1           2
                         0C6-1FFF          1F3A
        STRING           003-003             1           2
                         0C6-1FFF           100

                                  Symbol Table

_INTCONbits               (abs)        00B
_INTF                     (abs)        059
_OPTION_REG               (abs)        081
_OPTION_REGbits           (abs)        081
_PORTBbits                (abs)        006
_PORTDbits                (abs)        008
_TRISB                    (abs)        086
_TRISD                    (abs)        088
__Habs1                   abs1         000
__Hbank0                  bank0        000
__Hbank1                  bank1        000
__Hbank2                  bank2        000
__Hbank3                  bank3        000
__HbitbssCOMMON           bitbssCOMMON 000
__Hcinit                  cinit        014
__Hclrtext                clrtext      000
__Hcode                   code         000
__Hcommon                 common       000
__HcstackCOMMON           cstackCOMMON 000
__Heeprom_data            eeprom_data  000
__Hend_init               end_init     00F
__Hfunctab                functab      000
__Hinit                   init         00C
__Hintentry               intentry     00C
__Hmaintext               maintext     000
__Hpowerup                powerup      000
__Hram                    ram          000
__Hreset_vec              reset_vec    003
__Hsfr0                   sfr0         000
__Hsfr1                   sfr1         000
__Hsfr2                   sfr2         000
__Hsfr3                   sfr3         000
__Hspace_0                (abs)        0C6
__Hspace_1                (abs)        3D9
__Hspace_2                (abs)        000
__Hspace_3                (abs)        000
__Hstack                  stack        000
__Hstrings                strings      000
__Htext                   text         000
__Labs1                   abs1         000
__Lbank0                  bank0        000
__Lbank1                  bank1        000
__Lbank2                  bank2        000
__Lbank3                  bank3        000
__LbitbssCOMMON           bitbssCOMMON 000
__Lcinit                  cinit        00F
__Lclrtext                clrtext      000
__Lcode                   code         000
__Lcommon                 common       000
__LcstackCOMMON           cstackCOMMON 000
__Leeprom_data            eeprom_data  000
__Lend_init               end_init     00C
__Lfunctab                functab      000
__Linit                   init         00C
__Lintentry               intentry     004
__Lmaintext               maintext     000
__Lpowerup                powerup      000
__Lram                    ram          000
__Lreset_vec              reset_vec    000
__Lsfr0                   sfr0         000
__Lsfr1                   sfr1         000
__Lsfr2                   sfr2         000
__Lsfr3                   sfr3         000
__Lspace_0                (abs)        000
__Lspace_1                (abs)        000
__Lspace_2                (abs)        000
__Lspace_3                (abs)        000
__Lstack                  stack        000
__Lstrings                strings      000
__Ltext                   text         000
__S0                      (abs)        0C6
__S1                      (abs)        07C
__S2                      (abs)        000
__S3                      (abs)        000
___int_sp                 stack        000
___latbits                (abs)        002
___sp                     stack        000
___stackhi                (abs)        000
___stacklo                (abs)        000
__end_of__initialization  cinit        010
__end_of_emergencia       text4        0C6
__end_of_encherPrincipal  text1        07E
__end_of_finalizar        text3        0B3
__end_of_main             maintext     09E
__end_of_misturar         text2        056
__initialization          cinit        00F
__pbitbssCOMMON           bitbssCOMMON 3D8
__pcstackCOMMON           cstackCOMMON 070
__pintentry               intentry     004
__pmaintext               maintext     07E
__ptext1                  text1        056
__ptext2                  text2        014
__ptext3                  text3        09E
__ptext4                  text4        0B3
__size_of_emergencia      (abs)        000
__size_of_encherPrincipal (abs)        000
__size_of_finalizar       (abs)        000
__size_of_main            (abs)        000
__size_of_misturar        (abs)        000
_emergencia               text4        0B3
_emergenciaBit            bitbssCOMMON 3D8
_encherPrincipal          text1        056
_finalizar                text3        09E
_main                     maintext     07E
_misturar                 text2        014
btemp                     (abs)        07E
end_of_initialization     cinit        010
interrupt_function        intentry     004
intlevel0                 functab      000
intlevel1                 functab      000
intlevel2                 functab      000
intlevel3                 functab      000
intlevel4                 functab      000
intlevel5                 functab      000
reset_vec                 reset_vec    000
saved_w                   (abs)        07E
start                     init         00C
start_initialization      cinit        00F
wtemp0                    (abs)        07E


MODULE INFORMATION

Module		Function		Class		Link	Load	Size
shared
		__initialization		CODE           	000F	0000	1

shared estimated size: 1

main.c
		_finalizar     		CODE           	009E	0000	21
		_main          		CODE           	007E	0000	32
		_misturar      		CODE           	0014	0000	66
		_emergencia    		CODE           	00B3	0000	19
		_encherPrincipal		CODE           	0056	0000	40

main.c estimated size: 178

