MPLINK 5.09, LINKER
Linker Map File - Created Fri Jul 30 17:08:05 2021

                                 Section Info
                  Section       Type    Address   Location Size(Bytes)
                ---------  ---------  ---------  ---------  ---------
                   .org_0       code   0x000000    program   0x000068
                   .cinit    romdata   0x000034    program   0x000004
.config_2007_BUILD/DEFAULT/PRODUCTION/MAIN.O       code   0x002007    program   0x000002



                              Program Memory Usage 
                               Start         End      
                           ---------   ---------      
                            0x000000    0x000035      
                            0x002007    0x002007      
            55 out of 8454 program addresses used, program memory utilization is 0%



                              Symbols - Sorted by Name
                     Name    Address   Location    Storage File                     
                ---------  ---------  ---------  --------- ---------                
             _.org_0_0008   0x000008    program     static C:\Users\cadug\Desktop\MMC\atividade5\software\atividade5.X\main.asm
             _.org_0_000A   0x00000a    program     static C:\Users\cadug\Desktop\MMC\atividade5\software\atividade5.X\main.asm
                    andar   0x000023    program     static C:\Users\cadug\Desktop\MMC\atividade5\software\atividade5.X\main.asm
                 carregar   0x000027    program     static C:\Users\cadug\Desktop\MMC\atividade5\software\atividade5.X\main.asm
                    conta   0x000002    program     static C:\Users\cadug\Desktop\MMC\atividade5\software\atividade5.X\main.asm
                 delay_ms   0x000001    program     static C:\Users\cadug\Desktop\MMC\atividade5\software\atividade5.X\main.asm
                   inicio   0x00000e    program     static C:\Users\cadug\Desktop\MMC\atividade5\software\atividade5.X\main.asm
                     loop   0x000020    program     static C:\Users\cadug\Desktop\MMC\atividade5\software\atividade5.X\main.asm
                  sensorA   0x00001d    program     static C:\Users\cadug\Desktop\MMC\atividade5\software\atividade5.X\main.asm
                   voltar   0x00002f    program     static C:\Users\cadug\Desktop\MMC\atividade5\software\atividade5.X\main.asm



                              Symbols - Sorted by Address
                     Name    Address   Location    Storage File                     
                ---------  ---------  ---------  --------- ---------                
                 delay_ms   0x000001    program     static C:\Users\cadug\Desktop\MMC\atividade5\software\atividade5.X\main.asm
                    conta   0x000002    program     static C:\Users\cadug\Desktop\MMC\atividade5\software\atividade5.X\main.asm
             _.org_0_0008   0x000008    program     static C:\Users\cadug\Desktop\MMC\atividade5\software\atividade5.X\main.asm
             _.org_0_000A   0x00000a    program     static C:\Users\cadug\Desktop\MMC\atividade5\software\atividade5.X\main.asm
                   inicio   0x00000e    program     static C:\Users\cadug\Desktop\MMC\atividade5\software\atividade5.X\main.asm
                  sensorA   0x00001d    program     static C:\Users\cadug\Desktop\MMC\atividade5\software\atividade5.X\main.asm
                     loop   0x000020    program     static C:\Users\cadug\Desktop\MMC\atividade5\software\atividade5.X\main.asm
                    andar   0x000023    program     static C:\Users\cadug\Desktop\MMC\atividade5\software\atividade5.X\main.asm
                 carregar   0x000027    program     static C:\Users\cadug\Desktop\MMC\atividade5\software\atividade5.X\main.asm
                   voltar   0x00002f    program     static C:\Users\cadug\Desktop\MMC\atividade5\software\atividade5.X\main.asm


