Microchip MPLAB XC8 Compiler V2.32

Linker command line:

-W-3 --edf=C:\Program Files\Microchip\xc8\v2.32\pic\dat\en_msgs.txt -cn \
  -h+dist/default/production\safe_home.X.production.sym \
  --cmf=dist/default/production\safe_home.X.production.cmf -z -Q16F877A \
  -oC:\Users\cadug\AppData\Local\Temp\xcAs5r4.4 --defsym=__MPLAB_BUILD=1 \
  -Mdist/default/production/safe_home.X.production.map -E1 \
  -ver=XC8 Compiler --acfsm=1493 -ASTACK=0110h-016Fh -pstack=STACK \
  -ACODE=00h-07FFhx4 -ASTRCODE=00h-01FFFh -ASTRING=00h-0FFhx32 \
  -ACONST=00h-0FFhx32 -AENTRY=00h-0FFhx32 -ACOMMON=070h-07Fh \
  -ABANK0=020h-06Fh -ABANK1=0A0h-0EFh -ABANK2=0110h-016Fh \
  -ABANK3=0190h-01EFh -ARAM=020h-06Fh,0A0h-0EFh,0110h-016Fh,0190h-01EFh \
  -AABS1=020h-07Fh,0A0h-0EFh,0110h-016Fh,0190h-01EFh -ASFR0=00h-01Fh \
  -ASFR1=080h-09Fh -ASFR2=0100h-010Fh -ASFR3=0180h-018Fh \
  -ACONFIG=02007h-02007h -DCONFIG=2 -AIDLOC=02000h-02003h -DIDLOC=2 \
  -AEEDATA=00h-0FFh/02100h -peeprom_data=EEDATA -DEEDATA=2 -DCODE=2 \
  -DSTRCODE=2 -DSTRING=2 -DCONST=2 -DENTRY=2 \
  -preset_vec=00h,intentry=04h,init,end_init -ppowerup=CODE -pcinit=CODE \
  -pfunctab=ENTRY -k C:\Users\cadug\AppData\Local\Temp\xcAs5r4.o \
  dist/default/production\safe_home.X.production.o 

Object code version is 3.11

Machine type is 16F877A



                Name                               Link     Load   Length Selector   Space Scale
C:\Users\cadug\AppData\Local\Temp\xcAs5r4.o
                end_init                             12       12        3        8       0
                reset_vec                             0        0        3        0       0
                config                             2007     2007        1        0       4
dist/default/production\safe_home.X.production.o
                cinit                                15       15       19        8       0
                intentry                              4        4        E        8       0
                config                             2007     2007        1        0       4
                text31                             15E5     15E5       22     2BCA       0
                text30                             15CB     15CB       1A     2B96       0
                text29                             1566     1566        D     2ACC       0
                text28                             17AE     17AE       52     2F5C       0
                text27                             1630     1630       37     2C60       0
                text26                             16E0     16E0       42     2DC0       0
                text25                              C43      C43       AF     1886       0
                text24                              7DF      7DF       20        8       0
                text23                              899      899       1C     1132       0
                text22                              965      965       63     12CA       0
                text21                             1573     1573        D     2AE6       0
                text20                              8B5      8B5       58     116A       0
                text19                             16A3     16A3       3D     2D46       0
                text18                             1722     1722       46     2E44       0
                text17                              617      617      10C        8       0
                text16                              DEC      DEC      214     1BD8       0
                text15                              B99      B99       AA     1732       0
                text14                             159F     159F       15     2B3E       0
                text13                             1580     1580        F     2B00       0
                text12                             15B4     15B4       17     2B68       0
                text11                             158F     158F       10     2B1E       0
                text10                              723      723       BC        8       0
                text9                               38F      38F      288        8       0
                text8                              1607     1607       29     2C0E       0
                text7                                2E       2E      361        8       0
                text6                               AFB      AFB       9E     15F6       0
                text5                               90D      90D       58     121A       0
                text4                              1768     1768       46     2ED0       0
                text3                              1667     1667       3C     2CCE       0
                text2                               CF2      CF2       FA     19E4       0
                text1                               9C8      9C8       97     1390       0
                maintext                            A5F      A5F       9C     14BE       0
                cstackBANK0                          20       20       42       20       1
                cstackCOMMON                         70       70        C       70       1
                cstackBANK1                          A0       A0       32       A0       1
                bssBANK1                             D2       D2        A       A0       1
                bssBANK0                             62       62        6       20       1
                bitbssCOMMON                        3E0       7C        3       70       1     8
                strings                             800      800       97     1000       0

TOTAL           Name                               Link     Load   Length     Space
        CLASS   STACK          

        CLASS   CODE           
                end_init                             12       12        3         0
                cinit                                15       15       19         0
                intentry                              4        4        E         0
                reset_vec                             0        0        3         0
                text31                             15E5     15E5       22         0
                text30                             15CB     15CB       1A         0
                text29                             1566     1566        D         0
                text28                             17AE     17AE       52         0
                text27                             1630     1630       37         0
                text26                             16E0     16E0       42         0
                text25                              C43      C43       AF         0
                text24                              7DF      7DF       20         0
                text23                              899      899       1C         0
                text22                              965      965       63         0
                text21                             1573     1573        D         0
                text20                              8B5      8B5       58         0
                text19                             16A3     16A3       3D         0
                text18                             1722     1722       46         0
                text17                              617      617      10C         0
                text16                              DEC      DEC      214         0
                text15                              B99      B99       AA         0
                text14                             159F     159F       15         0
                text13                             1580     1580        F         0
                text12                             15B4     15B4       17         0
                text11                             158F     158F       10         0
                text10                              723      723       BC         0
                text9                               38F      38F      288         0
                text8                              1607     1607       29         0
                text7                                2E       2E      361         0
                text6                               AFB      AFB       9E         0
                text5                               90D      90D       58         0
                text4                              1768     1768       46         0
                text3                              1667     1667       3C         0
                text2                               CF2      CF2       FA         0
                text1                               9C8      9C8       97         0
                maintext                            A5F      A5F       9C         0

        CLASS   STRCODE        

        CLASS   STRING         
                strings                             800      800       97         0

        CLASS   CONST          

        CLASS   ENTRY          

        CLASS   COMMON         
                cstackCOMMON                         70       70        C         1
                bitbssCOMMON                        3E0       7C        3         1

        CLASS   BANK0          
                cstackBANK0                          20       20       42         1
                bssBANK0                             62       62        6         1

        CLASS   BANK1          
                cstackBANK1                          A0       A0       32         1
                bssBANK1                             D2       D2        A         1

        CLASS   BANK2          

        CLASS   BANK3          

        CLASS   RAM            

        CLASS   ABS1           
                abs_s1                               7E       7E        2         1

        CLASS   SFR0           

        CLASS   SFR1           

        CLASS   SFR2           

        CLASS   SFR3           

        CLASS   CONFIG         
                config                             2007     2007        1         4

        CLASS   IDLOC          

        CLASS   EEDATA         



SEGMENTS        Name                           Load    Length   Top    Selector   Space  Class     Delta

                reset_vec                      000000  000003  000003         0       0  CODE        2
                intentry                       000004  0007FB  0007FF         8       0  CODE        2
                cstackBANK0                    000020  000048  000068        20       1  BANK0       1
                cstackCOMMON                   000070  00000D  00007D        70       1  COMMON      1
                cstackBANK1                    0000A0  00003C  0000DC        A0       1  BANK1       1
                strings                        000800  000097  000897      1000       0  STRING      2
                text23                         000899  00001C  0008B5      1132       0  CODE        2
                text20                         0008B5  000058  00090D      116A       0  CODE        2
                text5                          00090D  000058  000965      121A       0  CODE        2
                text22                         000965  000063  0009C8      12CA       0  CODE        2
                text1                          0009C8  000097  000A5F      1390       0  CODE        2
                maintext                       000A5F  00009C  000AFB      14BE       0  CODE        2
                text6                          000AFB  00009E  000B99      15F6       0  CODE        2
                text15                         000B99  0000AA  000C43      1732       0  CODE        2
                text25                         000C43  0000AF  000CF2      1886       0  CODE        2
                text2                          000CF2  0000FA  000DEC      19E4       0  CODE        2
                text16                         000DEC  000214  001000      1BD8       0  CODE        2
                text29                         001566  00000D  001573      2ACC       0  CODE        2
                text21                         001573  00000D  001580      2AE6       0  CODE        2
                text13                         001580  00000F  00158F      2B00       0  CODE        2
                text11                         00158F  000010  00159F      2B1E       0  CODE        2
                text14                         00159F  000015  0015B4      2B3E       0  CODE        2
                text12                         0015B4  000017  0015CB      2B68       0  CODE        2
                text30                         0015CB  00001A  0015E5      2B96       0  CODE        2
                text31                         0015E5  000022  001607      2BCA       0  CODE        2
                text8                          001607  000029  001630      2C0E       0  CODE        2
                text27                         001630  000037  001667      2C60       0  CODE        2
                text3                          001667  00003C  0016A3      2CCE       0  CODE        2
                text19                         0016A3  00003D  0016E0      2D46       0  CODE        2
                text26                         0016E0  000042  001722      2DC0       0  CODE        2
                text18                         001722  000046  001768      2E44       0  CODE        2
                text4                          001768  000046  0017AE      2ED0       0  CODE        2
                text28                         0017AE  000052  001800      2F5C       0  CODE        2


UNUSED ADDRESS RANGES

        Name                Unused          Largest block    Delta
        BANK0            0068-006F              8           1
        BANK1            00DC-00EF             14           1
        BANK2            0110-016F             60           1
        BANK3            0190-01EF             60           1
        CODE             0003-0003              1           2
                         07FF-07FF              1
                         0897-0898              2
                         1000-1565            566
                         1800-1FFF            800
        COMMON           007D-007D              1           1
        CONST            0003-0003              1           2
                         07FF-07FF              1
                         0897-0898              2
                         1000-1565            100
                         1800-1FFF            100
        EEDATA           2100-21FF            100           2
        ENTRY            0003-0003              1           2
                         07FF-07FF              1
                         0897-0898              2
                         1000-1565            100
                         1800-1FFF            100
        IDLOC            2000-2003              4           2
        RAM              0068-006F              8           1
                         00DC-00EF             14
                         0110-016F             60
                         0190-01EF             60
        SFR0             0000-001F             20           1
        SFR1             0080-009F             20           1
        SFR2             0100-010F             10           1
        SFR3             0180-018F             10           1
        STACK            0110-016F             60           1
        STRCODE          0003-0003              1           2
                         07FF-07FF              1
                         0897-0898              2
                         1000-1565            566
                         1800-1FFF            800
        STRING           0003-0003              1           2
                         07FF-07FF              1
                         0897-0898              2
                         1000-1565            100
                         1800-1FFF            100

                                  Symbol Table

?__Umul8_16                  cstackBANK0  0027
?___fladd                    cstackBANK0  004A
?___flmul                    cstackBANK0  0030
?___fltol                    cstackBANK0  005E
?___lwdiv                    cstackBANK0  0027
?___lwmod                    cstackBANK0  002F
?___xxtofl                   cstackBANK0  0027
?_mapToCelsius               cstackBANK1  00A7
?_password_validator         cstackBANK0  0033
?_sprintf                    cstackBANK1  00AB
Lcd_Cmd@a                    cstackBANK0  002A
Lcd_Port@a                   cstackBANK0  0027
Lcd_Set_Cursor@a             cstackBANK0  002E
Lcd_Set_Cursor@b             cstackBANK0  002B
Lcd_Set_Cursor@temp          cstackBANK0  0031
Lcd_Set_Cursor@y             cstackBANK0  0030
Lcd_Set_Cursor@z             cstackBANK0  002F
Lcd_Write_Char@a             cstackBANK0  002B
Lcd_Write_Char@temp          cstackBANK0  0029
Lcd_Write_Char@y             cstackBANK0  002A
Lcd_Write_String@a           cstackBANK0  002C
Lcd_Write_String@i           cstackBANK0  0031
_ADCON0bits                  (abs)        001F
_ADCON1bits                  (abs)        009F
_ADRESH                      (abs)        001E
_Alarme_armado               bitbssCOMMON 03E1
_Alarme_ativo                bitbssCOMMON 03E0
_INTCONbits                  (abs)        000B
_INTF                        (abs)        0059
_Lcd_Clear                   text21       1573
_Lcd_Cmd                     text23       0899
_Lcd_Init                    text22       0965
_Lcd_Port                    text24       07DF
_Lcd_Set_Cursor              text20       08B5
_Lcd_Write_Char              text19       16A3
_Lcd_Write_String            text18       1722
_OPTION_REG                  (abs)        0081
_OPTION_REGbits              (abs)        0081
_PIE1bits                    (abs)        008C
_PIR1bits                    (abs)        000C
_PORTBbits                   (abs)        0006
_PORTCbits                   (abs)        0007
_PORTDbits                   (abs)        0008
_SH_ativo                    bitbssCOMMON 03E2
_T0CS                        (abs)        040D
_T0SE                        (abs)        040C
_T1CONbits                   (abs)        0010
_TMR0                        (abs)        0001
_TMR0IE                      (abs)        005D
_TMR0IF                      (abs)        005A
_TMR1H                       (abs)        000F
_TMR1IF                      (abs)        0060
_TMR1L                       (abs)        000E
_TRISB                       (abs)        0086
_TRISC                       (abs)        0087
_TRISD                       (abs)        0088
__Habs1                      abs1         0000
__Hbank0                     bank0        0000
__Hbank1                     bank1        0000
__Hbank2                     bank2        0000
__Hbank3                     bank3        0000
__HbitbssCOMMON              bitbssCOMMON 0000
__HbssBANK0                  bssBANK0     0000
__HbssBANK1                  bssBANK1     0000
__Hcinit                     cinit        002E
__Hclrtext                   clrtext      0000
__Hcode                      code         0000
__Hcommon                    common       0000
__Hconfig                    config       2008
__HcstackBANK0               cstackBANK0  0000
__HcstackBANK1               cstackBANK1  0000
__HcstackCOMMON              cstackCOMMON 0000
__Heeprom_data               eeprom_data  0000
__Hend_init                  end_init     0015
__Hfunctab                   functab      0000
__Hinit                      init         0012
__Hintentry                  intentry     0012
__Hmaintext                  maintext     0000
__Hpowerup                   powerup      0000
__Hram                       ram          0000
__Hreset_vec                 reset_vec    0003
__Hsfr0                      sfr0         0000
__Hsfr1                      sfr1         0000
__Hsfr2                      sfr2         0000
__Hsfr3                      sfr3         0000
__Hspace_0                   (abs)        1800
__Hspace_1                   (abs)        03E3
__Hspace_2                   (abs)        0000
__Hspace_3                   (abs)        0000
__Hspace_4                   (abs)        400F
__Hstack                     stack        0000
__Hstrings                   strings      0000
__Htext                      text         0000
__Labs1                      abs1         0000
__Lbank0                     bank0        0000
__Lbank1                     bank1        0000
__Lbank2                     bank2        0000
__Lbank3                     bank3        0000
__LbitbssCOMMON              bitbssCOMMON 0000
__LbssBANK0                  bssBANK0     0000
__LbssBANK1                  bssBANK1     0000
__Lcinit                     cinit        0015
__Lclrtext                   clrtext      0000
__Lcode                      code         0000
__Lcommon                    common       0000
__Lconfig                    config       0000
__LcstackBANK0               cstackBANK0  0000
__LcstackBANK1               cstackBANK1  0000
__LcstackCOMMON              cstackCOMMON 0000
__Leeprom_data               eeprom_data  0000
__Lend_init                  end_init     0012
__Lfunctab                   functab      0000
__Linit                      init         0012
__Lintentry                  intentry     0004
__Lmaintext                  maintext     0000
__Lpowerup                   powerup      0000
__Lram                       ram          0000
__Lreset_vec                 reset_vec    0000
__Lsfr0                      sfr0         0000
__Lsfr1                      sfr1         0000
__Lsfr2                      sfr2         0000
__Lsfr3                      sfr3         0000
__Lspace_0                   (abs)        0000
__Lspace_1                   (abs)        0000
__Lspace_2                   (abs)        0000
__Lspace_3                   (abs)        0000
__Lspace_4                   (abs)        0000
__Lstack                     stack        0000
__Lstrings                   strings      0000
__Ltext                      text         0000
__S0                         (abs)        1800
__S1                         (abs)        00DC
__S2                         (abs)        0000
__S3                         (abs)        0000
__Umul8_16                   text8        1607
__Umul8_16@multiplicand      cstackBANK0  0027
__Umul8_16@multiplier        cstackBANK0  002F
__Umul8_16@product           cstackBANK0  002B
__Umul8_16@word_mpld         cstackBANK0  002D
___fladd                     text9        038F
___fladd@a                   cstackBANK0  004E
___fladd@aexp                cstackBANK0  005B
___fladd@b                   cstackBANK0  004A
___fladd@bexp                cstackBANK0  005C
___fladd@grs                 cstackBANK0  005D
___fladd@signs               cstackBANK0  005A
___flmul                     text7        002E
___flmul@a                   cstackBANK0  0034
___flmul@aexp                cstackBANK0  0042
___flmul@b                   cstackBANK0  0030
___flmul@bexp                cstackBANK0  0043
___flmul@grs                 cstackBANK0  003E
___flmul@prod                cstackBANK0  0044
___flmul@sign                cstackBANK0  003D
___flmul@temp                cstackBANK0  0048
___fltol                     text6        0AFB
___fltol@exp1                cstackBANK1  00A6
___fltol@f1                  cstackBANK0  005E
___fltol@sign1               cstackBANK1  00A5
___int_sp                    stack        0000
___latbits                   (abs)        0002
___lwdiv                     text4        1768
___lwdiv@counter             cstackBANK0  002E
___lwdiv@dividend            cstackBANK0  0029
___lwdiv@divisor             cstackBANK0  0027
___lwdiv@quotient            cstackBANK0  002C
___lwmod                     text3        1667
___lwmod@counter             cstackBANK0  0034
___lwmod@dividend            cstackBANK0  0031
___lwmod@divisor             cstackBANK0  002F
___sp                        stack        0000
___stackhi                   (abs)        0000
___stacklo                   (abs)        0000
___xxtofl                    text10       0723
___xxtofl@arg                cstackBANK0  0031
___xxtofl@exp                cstackBANK0  0030
___xxtofl@sign               cstackBANK0  002F
___xxtofl@val                cstackBANK0  0027
__end_of_Lcd_Clear           text21       1580
__end_of_Lcd_Cmd             text23       08B5
__end_of_Lcd_Init            text22       09C8
__end_of_Lcd_Port            text24       07FF
__end_of_Lcd_Set_Cursor      text20       090D
__end_of_Lcd_Write_Char      text19       16E0
__end_of_Lcd_Write_String    text18       1768
__end_of__Umul8_16           text8        1630
__end_of___fladd             text9        0617
__end_of___flmul             text7        038F
__end_of___fltol             text6        0B99
__end_of___lwdiv             text4        17AE
__end_of___lwmod             text3        16A3
__end_of___xxtofl            text10       07DF
__end_of__initialization     cinit        002A
__end_of__stringtab          strings      0810
__end_of_alarme              text15       0C43
__end_of_config              text11       159F
__end_of_config_ac           text14       15B4
__end_of_config_ports        text13       158F
__end_of_config_timer        text12       15CB
__end_of_dpowers             strings      081A
__end_of_interruption        text25       0CF2
__end_of_main                maintext     0AFB
__end_of_mapToCelsius        text5        0965
__end_of_password_validator  text17       0723
__end_of_sprintf             text2        0DEC
__end_of_teclado             text16       1000
__end_of_termometro          text1        0A5F
__end_ofi1_Lcd_Clear         text29       1573
__end_ofi1_Lcd_Cmd           text30       15E5
__end_ofi1_Lcd_Port          text31       1607
__end_ofi1_Lcd_Set_Cursor    text28       1800
__end_ofi1_Lcd_Write_Char    text27       1667
__end_ofi1_Lcd_Write_String  text26       1722
__initialization             cinit        0015
__pbitbssCOMMON              bitbssCOMMON 03E0
__pbssBANK0                  bssBANK0     0062
__pbssBANK1                  bssBANK1     00D2
__pcstackBANK0               cstackBANK0  0020
__pcstackBANK1               cstackBANK1  00A0
__pcstackCOMMON              cstackCOMMON 0070
__pintentry                  intentry     0004
__pmaintext                  maintext     0A5F
__pstrings                   strings      0800
__ptext1                     text1        09C8
__ptext10                    text10       0723
__ptext11                    text11       158F
__ptext12                    text12       15B4
__ptext13                    text13       1580
__ptext14                    text14       159F
__ptext15                    text15       0B99
__ptext16                    text16       0DEC
__ptext17                    text17       0617
__ptext18                    text18       1722
__ptext19                    text19       16A3
__ptext2                     text2        0CF2
__ptext20                    text20       08B5
__ptext21                    text21       1573
__ptext22                    text22       0965
__ptext23                    text23       0899
__ptext24                    text24       07DF
__ptext25                    text25       0C43
__ptext26                    text26       16E0
__ptext27                    text27       1630
__ptext28                    text28       17AE
__ptext29                    text29       1566
__ptext3                     text3        1667
__ptext30                    text30       15CB
__ptext31                    text31       15E5
__ptext4                     text4        1768
__ptext5                     text5        090D
__ptext6                     text6        0AFB
__ptext7                     text7        002E
__ptext8                     text8        1607
__ptext9                     text9        038F
__size_of_Lcd_Clear          (abs)        0000
__size_of_Lcd_Cmd            (abs)        0000
__size_of_Lcd_Init           (abs)        0000
__size_of_Lcd_Port           (abs)        0000
__size_of_Lcd_Set_Cursor     (abs)        0000
__size_of_Lcd_Write_Char     (abs)        0000
__size_of_Lcd_Write_String   (abs)        0000
__size_of__Umul8_16          (abs)        0000
__size_of___fladd            (abs)        0000
__size_of___flmul            (abs)        0000
__size_of___fltol            (abs)        0000
__size_of___lwdiv            (abs)        0000
__size_of___lwmod            (abs)        0000
__size_of___xxtofl           (abs)        0000
__size_of_alarme             (abs)        0000
__size_of_config             (abs)        0000
__size_of_config_ac          (abs)        0000
__size_of_config_ports       (abs)        0000
__size_of_config_timer       (abs)        0000
__size_of_interruption       (abs)        0000
__size_of_main               (abs)        0000
__size_of_mapToCelsius       (abs)        0000
__size_of_password_validator (abs)        0000
__size_of_sprintf            (abs)        0000
__size_of_teclado            (abs)        0000
__size_of_termometro         (abs)        0000
__size_ofi1_Lcd_Clear        (abs)        0000
__size_ofi1_Lcd_Cmd          (abs)        0000
__size_ofi1_Lcd_Port         (abs)        0000
__size_ofi1_Lcd_Set_Cursor   (abs)        0000
__size_ofi1_Lcd_Write_Char   (abs)        0000
__size_ofi1_Lcd_Write_String (abs)        0000
__stringbase                 strings      080F
__stringtab                  strings      0800
_alarme                      text15       0B99
_config                      text11       158F
_config_ac                   text14       159F
_config_ports                text13       1580
_config_timer                text12       15B4
_contador0                   bssBANK0     0064
_contador1                   bssBANK0     0062
_dpowers                     strings      0810
_interruption                text25       0C43
_main                        maintext     0A5F
_mapToCelsius                text5        090D
_password                    bssBANK1     00D2
_password_validator          text17       0617
_size                        bssBANK0     0066
_sprintf                     text2        0CF2
_teclado                     text16       0DEC
_termometro                  text1        09C8
_valor                       bssBANK1     00DA
alarme@i                     cstackBANK0  003F
btemp                        (abs)        007E
end_of_initialization        cinit        002A
i1Lcd_Cmd@a                  cstackCOMMON 0073
i1Lcd_Port@a                 cstackCOMMON 0070
i1Lcd_Set_Cursor@a           cstackCOMMON 0077
i1Lcd_Set_Cursor@b           cstackCOMMON 0074
i1Lcd_Set_Cursor@temp        cstackCOMMON 007A
i1Lcd_Set_Cursor@y           cstackCOMMON 0079
i1Lcd_Set_Cursor@z           cstackCOMMON 0078
i1Lcd_Write_Char@a           cstackCOMMON 0074
i1Lcd_Write_Char@temp        cstackCOMMON 0072
i1Lcd_Write_Char@y           cstackCOMMON 0073
i1Lcd_Write_String@a         cstackCOMMON 0075
i1Lcd_Write_String@i         cstackCOMMON 007A
i1_Lcd_Clear                 text29       1566
i1_Lcd_Cmd                   text30       15CB
i1_Lcd_Port                  text31       15E5
i1_Lcd_Set_Cursor            text28       17AE
i1_Lcd_Write_Char            text27       1630
i1_Lcd_Write_String          text26       16E0
interrupt_function           intentry     0004
intlevel0                    functab      0000
intlevel1                    functab      0000
intlevel2                    functab      0000
intlevel3                    functab      0000
intlevel4                    functab      0000
intlevel5                    functab      0000
mapToCelsius@value           cstackBANK1  00A7
password_validator@i         cstackBANK0  0038
password_validator@i_496     cstackBANK0  003A
reset_vec                    reset_vec    0000
saved_w                      (abs)        007E
sprintf@ap                   cstackBANK1  00B1
sprintf@c                    cstackBANK1  00B7
sprintf@f                    cstackBANK1  00AB
sprintf@flag                 cstackBANK1  00B2
sprintf@prec                 cstackBANK1  00B3
sprintf@sp                   cstackBANK1  00B6
sprintf@val                  cstackBANK1  00B4
start                        init         0012
start_initialization         cinit        0015
termometro@buffer            cstackBANK1  00BB
wtemp0                       (abs)        007E


MODULE INFORMATION

Module		Function		Class		Link	Load	Size
C:\Program Files\Microchip\xc8\v2.32\pic\sources\c90\common\sprcadd.c
		___fladd       		CODE           	038F	0000	648

C:\Program Files\Microchip\xc8\v2.32\pic\sources\c90\common\sprcadd.c estimated size: 648

C:\Program Files\Microchip\xc8\v2.32\pic\sources\c90\common\xxtofl.c
		___xxtofl      		CODE           	0723	0000	188

C:\Program Files\Microchip\xc8\v2.32\pic\sources\c90\common\xxtofl.c estimated size: 188

./lcd.h
		_Lcd_Write_String		CODE           	1722	0000	70
		_Lcd_Init      		CODE           	0965	0000	99
		_Lcd_Write_Char		CODE           	16A3	0000	61
		_Lcd_Cmd       		CODE           	0899	0000	28
		_Lcd_Set_Cursor		CODE           	08B5	0000	88
		_Lcd_Clear     		CODE           	1573	0000	13
		_Lcd_Port      		CODE           	07DF	0000	32

./lcd.h estimated size: 391

C:\Program Files\Microchip\xc8\v2.32\pic\sources\c90\common\Umul8_16.c
		__Umul8_16     		CODE           	1607	0000	41

C:\Program Files\Microchip\xc8\v2.32\pic\sources\c90\common\Umul8_16.c estimated size: 41

C:\Program Files\Microchip\xc8\v2.32\pic\sources\c90\common\lwmod.c
		___lwmod       		CODE           	1667	0000	60

C:\Program Files\Microchip\xc8\v2.32\pic\sources\c90\common\lwmod.c estimated size: 60

shared
		__stringtab    		STRING         	0800	0000	16
		_dpowers       		STRING         	0810	0000	10
		i1_Lcd_Write_Char		CODE           	1630	0000	55
		i1_Lcd_Port    		CODE           	15E5	0000	34
		i1_Lcd_Cmd     		CODE           	15CB	0000	26
		i1_Lcd_Clear   		CODE           	1566	0000	13
		__initialization		CODE           	0015	0000	21
		i1_Lcd_Set_Cursor		CODE           	17AE	0000	82
		i1_Lcd_Write_String		CODE           	16E0	0000	66

shared estimated size: 323

C:\Program Files\Microchip\xc8\v2.32\pic\sources\c90\common\sprcmul.c
		___flmul       		CODE           	002E	0000	865

C:\Program Files\Microchip\xc8\v2.32\pic\sources\c90\common\sprcmul.c estimated size: 865

C:\Program Files\Microchip\xc8\v2.32\pic\sources\c90\common\doprnt.c
		_sprintf       		CODE           	0CF2	0000	250

C:\Program Files\Microchip\xc8\v2.32\pic\sources\c90\common\doprnt.c estimated size: 250

C:\Program Files\Microchip\xc8\v2.32\pic\sources\c90\common\lwdiv.c
		___lwdiv       		CODE           	1768	0000	70

C:\Program Files\Microchip\xc8\v2.32\pic\sources\c90\common\lwdiv.c estimated size: 70

main.c
		_mapToCelsius  		CODE           	090D	0000	88
		_password_validator		CODE           	0617	0000	268
		_main          		CODE           	0A5F	0000	156
		_teclado       		CODE           	0DEC	0000	532
		_interruption  		CODE           	0C43	0000	175
		_termometro    		CODE           	09C8	0000	151
		_alarme        		CODE           	0B99	0000	170

main.c estimated size: 1540

C:\Program Files\Microchip\xc8\v2.32\pic\sources\c90\common\fltol.c
		___fltol       		CODE           	0AFB	0000	158

C:\Program Files\Microchip\xc8\v2.32\pic\sources\c90\common\fltol.c estimated size: 158

./configs.h
		_config        		CODE           	158F	0000	16
		_config_ac     		CODE           	159F	0000	21
		_config_timer  		CODE           	15B4	0000	23
		_config_ports  		CODE           	1580	0000	15

./configs.h estimated size: 75

