MPLINK 5.09, LINKER
Linker Map File - Created Tue Jul 13 13:47:17 2021

                                 Section Info
                  Section       Type    Address   Location Size(Bytes)
                ---------  ---------  ---------  ---------  ---------
                   .org_0       code   0x000000    program   0x000030
                   .cinit    romdata   0x000018    program   0x000004
.config_2007_BUILD/DEFAULT/PRODUCTION/MAIN.O       code   0x002007    program   0x000002



                              Program Memory Usage 
                               Start         End      
                           ---------   ---------      
                            0x000000    0x000019      
                            0x002007    0x002007      
            27 out of 8454 program addresses used, program memory utilization is 0%



                              Symbols - Sorted by Name
                     Name    Address   Location    Storage File                     
                ---------  ---------  ---------  --------- ---------                
             _.org_0_0006   0x000006    program     static C:\Users\cadug\Desktop\Nova pasta\pisca_led\software\delay\main.X\main.asm
             _.org_0_0008   0x000008    program     static C:\Users\cadug\Desktop\Nova pasta\pisca_led\software\delay\main.X\main.asm
                 delay_ms   0x000001    program     static C:\Users\cadug\Desktop\Nova pasta\pisca_led\software\delay\main.X\main.asm
                   inicio   0x00000a    program     static C:\Users\cadug\Desktop\Nova pasta\pisca_led\software\delay\main.X\main.asm
                     loop   0x000013    program     static C:\Users\cadug\Desktop\Nova pasta\pisca_led\software\delay\main.X\main.asm



                              Symbols - Sorted by Address
                     Name    Address   Location    Storage File                     
                ---------  ---------  ---------  --------- ---------                
                 delay_ms   0x000001    program     static C:\Users\cadug\Desktop\Nova pasta\pisca_led\software\delay\main.X\main.asm
             _.org_0_0006   0x000006    program     static C:\Users\cadug\Desktop\Nova pasta\pisca_led\software\delay\main.X\main.asm
             _.org_0_0008   0x000008    program     static C:\Users\cadug\Desktop\Nova pasta\pisca_led\software\delay\main.X\main.asm
                   inicio   0x00000a    program     static C:\Users\cadug\Desktop\Nova pasta\pisca_led\software\delay\main.X\main.asm
                     loop   0x000013    program     static C:\Users\cadug\Desktop\Nova pasta\pisca_led\software\delay\main.X\main.asm


